[    0.000000] Initializing cgroup subsys cpuset
[    0.000000] Initializing cgroup subsys cpu
[    0.000000] Initializing cgroup subsys cpuacct
[    0.000000] Linux version 4.4.0-78-generic (buildd@lgw01-11) (gcc version 5.4.0 20160609 (Ubuntu 5.4.0-6ubuntu1~16.04.4) ) #99-Ubuntu SMP Thu Apr 27 15:29:09 UTC 2017 (Ubuntu 4.4.0-78.99-generic 4.4.62)
[    0.000000] Command line: BOOT_IMAGE=/boot/vmlinuz-4.4.0-78-generic root=LABEL=cloudimg-rootfs ro console=tty1 console=ttyS0
[    0.000000] KERNEL supported cpus:
[    0.000000]   Intel GenuineIntel
[    0.000000]   AMD AuthenticAMD
[    0.000000]   Centaur CentaurHauls
[    0.000000] x86/fpu: xstate_offset[2]:  576, xstate_sizes[2]:  256
[    0.000000] x86/fpu: Supporting XSAVE feature 0x01: 'x87 floating point registers'
[    0.000000] x86/fpu: Supporting XSAVE feature 0x02: 'SSE registers'
[    0.000000] x86/fpu: Supporting XSAVE feature 0x04: 'AVX registers'
[    0.000000] x86/fpu: Enabled xstate features 0x7, context size is 832 bytes, using 'standard' format.
[    0.000000] x86/fpu: Using 'lazy' FPU context switches.
[    0.000000] e820: BIOS-provided physical RAM map:
[    0.000000] BIOS-e820: [mem 0x0000000000000000-0x000000000009fbff] usable
[    0.000000] BIOS-e820: [mem 0x000000000009fc00-0x000000000009ffff] reserved
[    0.000000] BIOS-e820: [mem 0x00000000000f0000-0x00000000000fffff] reserved
[    0.000000] BIOS-e820: [mem 0x0000000000100000-0x000000003ffeffff] usable
[    0.000000] BIOS-e820: [mem 0x000000003fff0000-0x000000003fffffff] ACPI data
[    0.000000] BIOS-e820: [mem 0x00000000fec00000-0x00000000fec00fff] reserved
[    0.000000] BIOS-e820: [mem 0x00000000fee00000-0x00000000fee00fff] reserved
[    0.000000] BIOS-e820: [mem 0x00000000fffc0000-0x00000000ffffffff] reserved
[    0.000000] NX (Execute Disable) protection: active
[    0.000000] SMBIOS 2.5 present.
[    0.000000] Hypervisor detected: KVM
[    0.000000] e820: last_pfn = 0x3fff0 max_arch_pfn = 0x400000000
[    0.000000] MTRR: Disabled
[    0.000000] x86/PAT: MTRRs disabled, skipping PAT initialization too.
[    0.000000] x86/PAT: Configuration [0-7]: WB  WT  UC- UC  WB  WT  UC- UC  
[    0.000000] CPU MTRRs all blank - virtualized system.
[    0.000000] found SMP MP-table at [mem 0x0009fff0-0x0009ffff] mapped at [ffff88000009fff0]
[    0.000000] Scanning 1 areas for low memory corruption
[    0.000000] RAMDISK: [mem 0x36ac4000-0x37559fff]
[    0.000000] ACPI: Early table checksum verification disabled
[    0.000000] ACPI: RSDP 0x00000000000E0000 000024 (v02 VBOX  )
[    0.000000] ACPI: XSDT 0x000000003FFF0030 00003C (v01 VBOX   VBOXXSDT 00000001 ASL  00000061)
[    0.000000] ACPI: FACP 0x000000003FFF00F0 0000F4 (v04 VBOX   VBOXFACP 00000001 ASL  00000061)
[    0.000000] ACPI: DSDT 0x000000003FFF0470 0021C8 (v02 VBOX   VBOXBIOS 00000002 INTL 20100528)
[    0.000000] ACPI: FACS 0x000000003FFF0200 000040
[    0.000000] ACPI: FACS 0x000000003FFF0200 000040
[    0.000000] ACPI: APIC 0x000000003FFF0240 00005C (v02 VBOX   VBOXAPIC 00000001 ASL  00000061)
[    0.000000] ACPI: SSDT 0x000000003FFF02A0 0001CC (v01 VBOX   VBOXCPUT 00000002 INTL 20100528)
[    0.000000] No NUMA configuration found
[    0.000000] Faking a node at [mem 0x0000000000000000-0x000000003ffeffff]
[    0.000000] NODE_DATA(0) allocated [mem 0x3ffeb000-0x3ffeffff]
[    0.000000] kvm-clock: Using msrs 4b564d01 and 4b564d00
[    0.000000] kvm-clock: cpu 0, msr 0:3ffe3001, primary cpu clock
[    0.000000] kvm-clock: using sched offset of 3083842220 cycles
[    0.000000] clocksource: kvm-clock: mask: 0xffffffffffffffff max_cycles: 0x1cd42e4dffb, max_idle_ns: 881590591483 ns
[    0.000000] Zone ranges:
[    0.000000]   DMA      [mem 0x0000000000001000-0x0000000000ffffff]
[    0.000000]   DMA32    [mem 0x0000000001000000-0x000000003ffeffff]
[    0.000000]   Normal   empty
[    0.000000]   Device   empty
[    0.000000] Movable zone start for each node
[    0.000000] Early memory node ranges
[    0.000000]   node   0: [mem 0x0000000000001000-0x000000000009efff]
[    0.000000]   node   0: [mem 0x0000000000100000-0x000000003ffeffff]
[    0.000000] Initmem setup node 0 [mem 0x0000000000001000-0x000000003ffeffff]
[    0.000000] ACPI: PM-Timer IO Port: 0x4008
[    0.000000] IOAPIC[0]: apic_id 2, version 32, address 0xfec00000, GSI 0-23
[    0.000000] ACPI: INT_SRC_OVR (bus 0 bus_irq 0 global_irq 2 dfl dfl)
[    0.000000] ACPI: INT_SRC_OVR (bus 0 bus_irq 9 global_irq 9 high level)
[    0.000000] Using ACPI (MADT) for SMP configuration information
[    0.000000] smpboot: Allowing 2 CPUs, 0 hotplug CPUs
[    0.000000] PM: Registered nosave memory: [mem 0x00000000-0x00000fff]
[    0.000000] PM: Registered nosave memory: [mem 0x0009f000-0x0009ffff]
[    0.000000] PM: Registered nosave memory: [mem 0x000a0000-0x000effff]
[    0.000000] PM: Registered nosave memory: [mem 0x000f0000-0x000fffff]
[    0.000000] e820: [mem 0x40000000-0xfebfffff] available for PCI devices
[    0.000000] Booting paravirtualized kernel on KVM
[    0.000000] clocksource: refined-jiffies: mask: 0xffffffff max_cycles: 0xffffffff, max_idle_ns: 7645519600211568 ns
[    0.000000] setup_percpu: NR_CPUS:512 nr_cpumask_bits:512 nr_cpu_ids:2 nr_node_ids:1
[    0.000000] PERCPU: Embedded 33 pages/cpu @ffff88003fc00000 s98264 r8192 d28712 u1048576
[    0.000000] PV qspinlock hash table entries: 256 (order: 0, 4096 bytes)
[    0.000000] Built 1 zonelists in Node order, mobility grouping on.  Total pages: 257913
[    0.000000] Policy zone: DMA32
[    0.000000] Kernel command line: BOOT_IMAGE=/boot/vmlinuz-4.4.0-78-generic root=LABEL=cloudimg-rootfs ro console=tty1 console=ttyS0
[    0.000000] PID hash table entries: 4096 (order: 3, 32768 bytes)
[    0.000000] Memory: 1001740K/1048120K available (8469K kernel code, 1294K rwdata, 3984K rodata, 1484K init, 1316K bss, 46380K reserved, 0K cma-reserved)
[    0.000000] SLUB: HWalign=64, Order=0-3, MinObjects=0, CPUs=2, Nodes=1
[    0.000000] Hierarchical RCU implementation.
[    0.000000] 	Build-time adjustment of leaf fanout to 64.
[    0.000000] 	RCU restricting CPUs from NR_CPUS=512 to nr_cpu_ids=2.
[    0.000000] RCU: Adjusting geometry for rcu_fanout_leaf=64, nr_cpu_ids=2
[    0.000000] NR_IRQS:33024 nr_irqs:440 16
[    0.000000] Console: colour VGA+ 80x25
[    0.000000] console [tty1] enabled
[    0.000000] console [ttyS0] enabled
[    0.000000] tsc: Detected 2200.000 MHz processor
[    3.395338] Calibrating delay loop (skipped) preset value.. 4400.00 BogoMIPS (lpj=8800000)
[    3.436777] pid_max: default: 32768 minimum: 301
[    3.462062] ACPI: Core revision 20150930
[    3.491250] ACPI: 2 ACPI AML tables successfully acquired and loaded
[    3.526102] Security Framework initialized
[    3.541492] Yama: becoming mindful.
[    3.547035] AppArmor: AppArmor initialized
[    3.555588] Dentry cache hash table entries: 131072 (order: 8, 1048576 bytes)
[    3.563995] Inode-cache hash table entries: 65536 (order: 7, 524288 bytes)
[    3.621234] Mount-cache hash table entries: 2048 (order: 2, 16384 bytes)
[    3.663609] Mountpoint-cache hash table entries: 2048 (order: 2, 16384 bytes)
[    3.675527] Initializing cgroup subsys io
[    3.684859] Initializing cgroup subsys memory
[    3.715516] Initializing cgroup subsys devices
[    3.741854] Initializing cgroup subsys freezer
[    3.771256] Initializing cgroup subsys net_cls
[    3.789192] Initializing cgroup subsys perf_event
[    3.816676] Initializing cgroup subsys net_prio
[    3.817738] Initializing cgroup subsys hugetlb
[    3.828195] Initializing cgroup subsys pids
[    3.855811] CPU: Physical Processor ID: 0
[    3.887465] CPU: Processor Core ID: 0
[    3.924673] mce: CPU supports 0 MCE banks
[    3.940665] Last level iTLB entries: 4KB 512, 2MB 8, 4MB 8
[    3.941886] Last level dTLB entries: 4KB 512, 2MB 32, 4MB 32, 1GB 0
[    3.945698] Freeing SMP alternatives memory: 32K (ffffffff820b8000 - ffffffff820c0000)
[    3.984438] ftrace: allocating 32120 entries in 126 pages
[    4.052097] smpboot: APIC(0) Converting physical 0 to logical package 0
[    4.083844] smpboot: Max logical packages: 1
[    4.094668] x2apic enabled
[    4.104761] Switched APIC routing to physical x2apic.
[    4.153829] ..TIMER: vector=0x30 apic1=0 pin1=2 apic2=-1 pin2=-1
[    4.294388] smpboot: CPU0: Intel(R) Core(TM) i7-2720QM CPU @ 2.20GHz (family: 0x6, model: 0x2a, stepping: 0x7)
[    4.331250] Performance Events: unsupported p6 CPU model 42 no PMU driver, software events only.
[    4.364177] KVM setup paravirtual spinlock
[    4.400362] x86: Booting SMP configuration:
[    4.443416] .... node  #0, CPUs:      #1
[    4.466210] kvm-clock: cpu 1, msr 0:3ffe3041, secondary cpu clock
[    4.479152] mce: CPU supports 0 MCE banks
[    4.482277] x86: Booted up 1 node, 2 CPUs
[    4.504762] smpboot: Total of 2 processors activated (8800.00 BogoMIPS)
[    4.544796] devtmpfs: initialized
[    4.569395] evm: security.selinux
[    4.588823] evm: security.SMACK64
[    4.610599] evm: security.SMACK64EXEC
[    4.611897] evm: security.SMACK64TRANSMUTE
[    4.648496] evm: security.SMACK64MMAP
[    4.662999] evm: security.ima
[    4.671284] evm: security.capability
[    4.677957] clocksource: jiffies: mask: 0xffffffff max_cycles: 0xffffffff, max_idle_ns: 7645041785100000 ns
[    4.699172] futex hash table entries: 512 (order: 3, 32768 bytes)
[    4.716157] pinctrl core: initialized pinctrl subsystem
[    4.738401] RTC time:  0:12:50, date: 06/24/17
[    4.784212] NET: Registered protocol family 16
[    4.818727] cpuidle: using governor ladder
[    4.834770] cpuidle: using governor menu
[    4.855827] PCCT header not found.
[    4.869958] ACPI: bus type PCI registered
[    4.884950] acpiphp: ACPI Hot Plug PCI Controller Driver version: 0.5
[    4.908511] PCI: Using configuration type 1 for base access
[    4.927805] ACPI: Added _OSI(Module Device)
[    4.961820] ACPI: Added _OSI(Processor Device)
[    4.968739] ACPI: Added _OSI(3.0 _SCP Extensions)
[    4.982556] ACPI: Added _OSI(Processor Aggregator Device)
[    5.013318] ACPI: Executed 1 blocks of module-level executable AML code
[    5.046169] ACPI: Interpreter enabled
[    5.060171] ACPI: (supports S0 S5)
[    5.072096] ACPI: Using IOAPIC for interrupt routing
[    5.074311] PCI: Using host bridge windows from ACPI; if necessary, use "pci=nocrs" and report a bug
[    5.087086] ACPI: PCI Root Bridge [PCI0] (domain 0000 [bus 00-ff])
[    5.126864] acpi PNP0A03:00: _OSC: OS supports [ASPM ClockPM Segments MSI]
[    5.177941] acpi PNP0A03:00: _OSC failed (AE_NOT_FOUND); disabling ASPM
[    5.227758] acpi PNP0A03:00: fail to add MMCONFIG information, can't access extended PCI configuration space under this bridge.
[    5.256078] PCI host bridge to bus 0000:00
[    5.265527] pci_bus 0000:00: root bus resource [io  0x0000-0x0cf7 window]
[    5.276170] pci_bus 0000:00: root bus resource [io  0x0d00-0xffff window]
[    5.306935] pci_bus 0000:00: root bus resource [mem 0x000a0000-0x000bffff window]
[    5.316933] pci_bus 0000:00: root bus resource [mem 0x40000000-0xffdfffff window]
[    5.327461] pci_bus 0000:00: root bus resource [bus 00-ff]
[    5.376406] pci 0000:00:01.1: legacy IDE quirk: reg 0x10: [io  0x01f0-0x01f7]
[    5.413612] pci 0000:00:01.1: legacy IDE quirk: reg 0x14: [io  0x03f6]
[    5.434955] pci 0000:00:01.1: legacy IDE quirk: reg 0x18: [io  0x0170-0x0177]
[    5.452999] pci 0000:00:01.1: legacy IDE quirk: reg 0x1c: [io  0x0376]
[    5.490942] pci 0000:00:07.0: quirk: [io  0x4000-0x403f] claimed by PIIX4 ACPI
[    5.524263] pci 0000:00:07.0: quirk: [io  0x4100-0x410f] claimed by PIIX4 SMB
[    5.560173] ACPI: PCI Interrupt Link [LNKA] (IRQs 5 9 10 *11)
[    5.609340] ACPI: PCI Interrupt Link [LNKB] (IRQs 5 9 10 *11)
[    5.642113] ACPI: PCI Interrupt Link [LNKC] (IRQs 5 9 *10 11)
[    5.662281] ACPI: PCI Interrupt Link [LNKD] (IRQs 5 *9 10 11)
[    5.691917] ACPI: Enabled 2 GPEs in block 00 to 07
[    5.713692] vgaarb: setting as boot device: PCI:0000:00:02.0
[    5.743060] vgaarb: device added: PCI:0000:00:02.0,decodes=io+mem,owns=io+mem,locks=none
[    5.786209] vgaarb: loaded
[    5.796359] vgaarb: bridge control possible 0000:00:02.0
[    5.826539] SCSI subsystem initialized
[    5.847177] ACPI: bus type USB registered
[    5.855025] usbcore: registered new interface driver usbfs
[    5.856240] usbcore: registered new interface driver hub
[    5.881023] usbcore: registered new device driver usb
[    5.938936] PCI: Using ACPI for IRQ routing
[    5.946345] NetLabel: Initializing
[    5.963098] NetLabel:  domain hash size = 128
[    5.982631] NetLabel:  protocols = UNLABELED CIPSOv4
[    5.993658] NetLabel:  unlabeled traffic allowed by default
[    6.019545] amd_nb: Cannot enumerate AMD northbridges
[    6.042172] clocksource: Switched to clocksource kvm-clock
[    6.066891] AppArmor: AppArmor Filesystem Enabled
[    6.102905] pnp: PnP ACPI init
[    6.109630] pnp: PnP ACPI: found 3 devices
[    6.125883] clocksource: acpi_pm: mask: 0xffffff max_cycles: 0xffffff, max_idle_ns: 2085701024 ns
[    6.161949] NET: Registered protocol family 2
[    6.200131] TCP established hash table entries: 8192 (order: 4, 65536 bytes)
[    6.226593] TCP bind hash table entries: 8192 (order: 5, 131072 bytes)
[    6.248503] TCP: Hash tables configured (established 8192 bind 8192)
[    6.271360] UDP hash table entries: 512 (order: 2, 16384 bytes)
[    6.293313] UDP-Lite hash table entries: 512 (order: 2, 16384 bytes)
[    6.300362] NET: Registered protocol family 1
[    6.354513] pci 0000:00:00.0: Limiting direct PCI/PCI transfers
[    6.360371] pci 0000:00:01.0: Activating ISA DMA hang workarounds
[    6.387082] Unpacking initramfs...
[    8.322039] Freeing initrd memory: 10840K (ffff880036ac4000 - ffff88003755a000)
[    8.403413] RAPL PMU detected, API unit is 2^-32 Joules, 3 fixed counters 10737418240 ms ovfl timer
[    8.428413] hw unit of domain pp0-core 2^-0 Joules
[    8.452309] hw unit of domain package 2^-0 Joules
[    8.469025] hw unit of domain pp1-gpu 2^-0 Joules
[    8.555102] platform rtc_cmos: registered platform RTC device (no PNP device found)
[    8.608747] Scanning for low memory corruption every 60 seconds
[    8.689394] audit: initializing netlink subsys (disabled)
[    8.735271] audit: type=2000 audit(1498263174.017:1): initialized
[    8.789409] Initialise system trusted keyring
[    8.857406] HugeTLB registered 2 MB page size, pre-allocated 0 pages
[    9.079732] zbud: loaded
[    9.238696] VFS: Disk quotas dquot_6.6.0
[    9.249244] VFS: Dquot-cache hash table entries: 512 (order 0, 4096 bytes)
[    9.284536] squashfs: version 4.0 (2009/01/31) Phillip Lougher
[    9.356099] fuse init (API version 7.23)
[    9.366703] Key type big_key registered
[    9.380903] Allocating IMA MOK and blacklist keyrings.
[    9.399191] Key type asymmetric registered
[    9.413389] Asymmetric key parser 'x509' registered
[    9.453169] Block layer SCSI generic (bsg) driver version 0.4 loaded (major 249)
[    9.579122] tsc: Refined TSC clocksource calibration: 2204.339 MHz
[    9.750616] clocksource: tsc: mask: 0xffffffffffffffff max_cycles: 0x1fc635daf0e, max_idle_ns: 440795267786 ns
[    9.755520] io scheduler noop registered
[    9.755522] io scheduler deadline registered (default)
[    9.755594] io scheduler cfq registered
[    9.755705] pci_hotplug: PCI Hot Plug PCI Core version: 0.5
[    9.755711] pciehp: PCI Express Hot Plug Controller Driver version: 0.4
[    9.756111] ACPI: AC Adapter [AC] (on-line)
[    9.756163] input: Power Button as /devices/LNXSYSTM:00/LNXPWRBN:00/input/input0
[    9.756166] ACPI: Power Button [PWRF]
[    9.756242] input: Sleep Button as /devices/LNXSYSTM:00/LNXSLPBN:00/input/input1
[    9.756243] ACPI: Sleep Button [SLPF]
[    9.756397] GHES: HEST is not enabled!
[    9.889268] ACPI: Battery Slot [BAT0] (battery present)
[    9.889683] Serial: 8250/16550 driver, 32 ports, IRQ sharing enabled
[    9.933918] 00:02: ttyS0 at I/O 0x3f8 (irq = 4, base_baud = 115200) is a 16550A
[   10.081339] Linux agpgart interface v0.103
[   10.175502] loop: module loaded
[   10.176054] scsi host0: ata_piix
[   10.176114] scsi host1: ata_piix
[   10.176146] ata1: PATA max UDMA/33 cmd 0x1f0 ctl 0x3f6 bmdma 0xd000 irq 14
[   10.176147] ata2: PATA max UDMA/33 cmd 0x170 ctl 0x376 bmdma 0xd008 irq 15
[   10.176223] libphy: Fixed MDIO Bus: probed
[   10.176225] tun: Universal TUN/TAP device driver, 1.6
[   10.176225] tun: (C) 1999-2004 Max Krasnyansky <maxk@qualcomm.com>
[   10.176575] PPP generic driver version 2.4.2
[   10.176632] ehci_hcd: USB 2.0 'Enhanced' Host Controller (EHCI) Driver
[   10.176636] ehci-pci: EHCI PCI platform driver
[   10.176653] ehci-platform: EHCI generic platform driver
[   10.176661] ohci_hcd: USB 1.1 'Open' Host Controller (OHCI) Driver
[   10.176664] ohci-pci: OHCI PCI platform driver
[   10.176672] ohci-platform: OHCI generic platform driver
[   10.176679] uhci_hcd: USB Universal Host Controller Interface driver
[   10.176737] i8042: PNP: PS/2 Controller [PNP0303:PS2K,PNP0f03:PS2M] at 0x60,0x64 irq 1,12
[   10.177213] serio: i8042 KBD port at 0x60,0x64 irq 1
[   10.177217] serio: i8042 AUX port at 0x60,0x64 irq 12
[   10.177324] mousedev: PS/2 mouse device common for all mice
[   10.177635] input: AT Translated Set 2 keyboard as /devices/platform/i8042/serio0/input/input2
[   10.178002] rtc_cmos rtc_cmos: rtc core: registered rtc_cmos as rtc0
[   10.178058] rtc_cmos rtc_cmos: alarms up to one day, 114 bytes nvram
[   10.178064] i2c /dev entries driver
[   10.178115] device-mapper: uevent: version 1.0.3
[   10.178166] device-mapper: ioctl: 4.34.0-ioctl (2015-10-28) initialised: dm-devel@redhat.com
[   10.178184] ledtrig-cpu: registered to indicate activity on CPUs
[   10.178429] NET: Registered protocol family 10
[   10.178605] NET: Registered protocol family 17
[   10.178616] Key type dns_resolver registered
[   10.178742] microcode: CPU0 sig=0x206a7, pf=0x10, revision=0x0
[   10.264562] microcode: CPU1 sig=0x206a7, pf=0x10, revision=0x0
[   10.264680] microcode: Microcode Update Driver: v2.01 <tigran@aivazian.fsnet.co.uk>, Peter Oruba
[   10.264832] registered taskstats version 1
[   10.264847] Loading compiled-in X.509 certificates
[   10.265618] Loaded X.509 cert 'Build time autogenerated kernel key: 779fd75203f0d36b99b83c7328fac831ec7adf9e'
[   10.265643] zswap: loaded using pool lzo/zbud
[   10.267475] Key type trusted registered
[   10.269770] Key type encrypted registered
[   10.269775] AppArmor: AppArmor sha1 policy hashing enabled
[   10.269777] ima: No TPM chip found, activating TPM-bypass!
[   10.269798] evm: HMAC attrs: 0x1
[   10.270458]   Magic number: 5:966:203
[   10.313528] rtc_cmos rtc_cmos: setting system clock to 2017-06-24 00:12:56 UTC (1498263176)
[   10.313702] BIOS EDD facility v0.16 2004-Jun-25, 0 devices found
[   10.313702] EDD information not available.
[   12.849821] Freeing unused kernel memory: 1484K (ffffffff81f45000 - ffffffff820b8000)
[   12.958814] Write protecting the kernel read-only data: 14336k
[   12.976985] Freeing unused kernel memory: 1760K (ffff880001848000 - ffff880001a00000)
[   12.986801] Freeing unused kernel memory: 112K (ffff880001de4000 - ffff880001e00000)
Loading, please [   13.001103] random: systemd-udevd: uninitialized urandom read (16 bytes read, 4 bits of entropy available)
wait...
starting version 229
[   13.001723] random: udevadm: uninitialized urandom read (16 bytes read, 4 bits of entropy available)
[   13.001771] random: udevadm: uninitialized urandom read (16 bytes read, 4 bits of entropy available)
[   13.001894] random: udevadm: uninitialized urandom read (16 bytes read, 4 bits of entropy available)
[   13.001941] random: udevadm: uninitialized urandom read (16 bytes read, 4 bits of entropy available)
[   13.001988] random: udevadm: uninitialized urandom read (16 bytes read, 4 bits of entropy available)
[   13.002036] random: udevadm: uninitialized urandom read (16 bytes read, 4 bits of entropy available)
[   13.002082] random: udevadm: uninitialized urandom read (16 bytes read, 4 bits of entropy available)
[   13.002126] random: udevadm: uninitialized urandom read (16 bytes read, 4 bits of entropy available)
[   13.002172] random: udevadm: uninitialized urandom read (16 bytes read, 4 bits of entropy available)
[   13.611159] e1000: Intel(R) PRO/1000 Network Driver - version 7.3.21-k8-NAPI
[   13.659783] e1000: Copyright (c) 1999-2006 Intel Corporation.
[   13.693291] Fusion MPT base driver 3.04.20
[   13.804339] Copyright (c) 1999-2008 LSI Corporation
[   13.867351] Fusion MPT SPI Host driver 3.04.20
[   13.940648] AVX version of gcm_enc/dec engaged.
[   13.952995] AES CTR mode by8 optimization enabled
[   14.123832] input: ImExPS/2 Generic Explorer Mouse as /devices/platform/i8042/serio1/input/input4
[   14.295164] e1000 0000:00:03.0 eth0: (PCI:33MHz:32-bit) 02:fb:34:e1:96:ef
[   14.326658] e1000 0000:00:03.0 eth0: Intel(R) PRO/1000 Network Connection
[   14.380436] mptbase: ioc0: Initiating bringup
[   14.458823] ioc0: LSI53C1030 A0: Capabilities={Initiator}
[   14.724655] scsi host2: ioc0: LSI53C1030 A0, FwRev=00000000h, Ports=1, MaxQ=256, IRQ=20
[   14.883743] scsi 2:0:0:0: Direct-Access     VBOX     HARDDISK         1.0  PQ: 0 ANSI: 5
[   14.999449] scsi target2:0:0: Beginning Domain Validation
[   15.021504] scsi target2:0:0: Domain Validation skipping write tests
[   15.062284] scsi target2:0:0: Ending Domain Validation
[   15.078456] scsi target2:0:0: asynchronous
[   15.109189] scsi 2:0:1:0: Direct-Access     VBOX     HARDDISK         1.0  PQ: 0 ANSI: 5
[   15.314883] scsi target2:0:1: Beginning Domain Validation
[   15.400667] scsi target2:0:1: Domain Validation skipping write tests
[   15.416179] e1000 0000:00:08.0 eth1: (PCI:33MHz:32-bit) 08:00:27:eb:13:da
[   15.416185] e1000 0000:00:08.0 eth1: Intel(R) PRO/1000 Network Connection
[   15.431518] e1000 0000:00:08.0 enp0s8: renamed from eth1
[   15.522865] scsi target2:0:1: Ending Domain Validation
[   15.572279] scsi target2:0:1: asynchronous
[   15.590657] e1000 0000:00:03.0 enp0s3: renamed from eth0
[   15.826162] sd 2:0:0:0: Attached scsi generic sg0 type 0
[   15.827492] sd 2:0:0:0: [sda] 20971520 512-byte logical blocks: (10.7 GB/10.0 GiB)
[   16.114963] sd 2:0:0:0: [sda] Write Protect is off
[   16.115108] sd 2:0:1:0: Attached scsi generic sg1 type 0
[   16.115158] sd 2:0:1:0: [sdb] 20480 512-byte logical blocks: (10.5 MB/10.0 MiB)
[   16.115365] sd 2:0:1:0: [sdb] Write Protect is off
[   16.115507] sd 2:0:1:0: [sdb] Incomplete mode parameter data
[   16.115508] sd 2:0:1:0: [sdb] Assuming drive cache: write through
[   16.146312] sd 2:0:1:0: [sdb] Attached SCSI disk
[   16.309182] sd 2:0:0:0: [sda] Incomplete mode parameter data
[   16.330104] sd 2:0:0:0: [sda] Assuming drive cache: write through
[   16.484651]  sda: sda1
[   16.572699] sd 2:0:0:0: [sda] Attached SCSI disk
[   16.918997] floppy0: no floppy controllers found
Begin: Loading e[   18.328859] md: linear personality registered for level -1
ssential drivers[   18.355351] md: multipath personality registered for level -4
 ... [   18.390873] md: raid0 personality registered for level 0
[   18.409994] md: raid1 personality registered for level 1
[   18.502500] raid6: sse2x1   gen()  7339 MB/s
[   18.586463] raid6: sse2x1   xor()  5993 MB/s
[   18.753027] raid6: sse2x2   gen()  9971 MB/s
[   18.830695] raid6: sse2x2   xor()  7210 MB/s
[   19.038358] raid6: sse2x4   gen() 10744 MB/s
[   19.238449] raid6: sse2x4   xor()  7466 MB/s
[   19.358262] raid6: using algorithm sse2x4 gen() 10744 MB/s
[   19.469107] raid6: .... xor() 7466 MB/s, rmw enabled
[   19.478696] raid6: using ssse3x2 recovery algorithm
[   19.509170] xor: automatically using best checksumming function:
[   19.574430]    avx       : 13586.000 MB/sec
[   19.606414] async_tx: api initialized (async)
[   19.633473] md: raid6 personality registered for level 6
[   19.646378] md: raid5 personality registered for level 5
[   19.699300] md: raid4 personality registered for level 4
[   19.791395] md: raid10 personality registered for level 10
done.
Begin: Running /scripts/init-premount ... done.
Begin: Mounting root file system ... Begin: Running /scripts/local-top ... done.
Begin: Running /script[   19.848034] Btrfs loaded
s/local-premount ... Scanning for Btrfs filesystems
done.
Warn[   19.902075] EXT4-fs (sda1): mounted filesystem with ordered data mode. Opts: (null)
ing: fsck not present, so skipping root file system
done.
Begin: Running /scripts/local-bottom ... done.
Begin: Running /scripts/init-bottom ... done.
[   20.049724] systemd[1]: systemd 229 running in system mode. (+PAM +AUDIT +SELINUX +IMA +APPARMOR +SMACK +SYSVINIT +UTMP +LIBCRYPTSETUP +GCRYPT +GNUTLS +ACL +XZ -LZ4 +SECCOMP +BLKID +ELFUTILS +KMOD -IDN)
[   20.121167] systemd[1]: Detected virtualization oracle.
[   20.144143] systemd[1]  Detected architecture x86-64.

Welcome to [1mUbuntu 16.04.2 LTS[0m!

[   20.387589] systemd[1]: Set hostname to <ubuntu>.
[   20.450066] systemd[1]: Initializing machine ID from random generator.
[   20.453393] systemd[1]: Installed transient /etc/machine-id file.
[   20.560727] systemd[1]: Listening on LVM2 poll daemon socket.
[[0;32m  OK  [0m] Listening on LVM2 poll daemon socket.
[   20.624410] systemd[1]: Listening on udev Control Socket.
[[0;32m  OK  [0m] Listening on udev Control Socket.
[   20.671560] systemd[1]: Created slice System Slice.
[[0;32m  OK  [0m] Created slice System Slice.
[   20.703480] systemd[1]: Listening on Syslog Socket.
[[0;32m  OK  [0m] Listening on Syslog Socket.
[   20.732601] systemd[1]: Reached target User and Group Name Lookups.
[[0;32m  OK  [0m] Reached target User and Group Name Lookups.
[   20.788429] systemd[1]: Reached target Encrypted Volumes.
[[0;32m  OK  [0m] Reached target Encrypted Volumes.
[   20.858961] systemd[1]: Started Forward Password Requests to Wall Directory Watch.
[[0;32m  OK  [0m] Started Forward Password Requests to Wall Directory Watch.
[   20.942832] systemd[1]: Listening on udev Kernel Socket.
[[0;32m  OK  [0m] Listening on udev Kernel Socket.
[   20.994637] systemd[1]: Set up automount Arbitrary Executable File Formats File System Automount Point.
[[0;32m  OK  [0m] Set up automount Arbitrary Executab...ats File System Automount Point.
[   21.135009] systemd[1]: Created slice User and Session Slice.
[[0;32m  OK  [0m] Created slice User and Session Slice.
[   21.206614] systemd[1]: Reached target Slices.
[[0;32m  OK  [0m] Reached target Slices.
[   21.267102] systemd[1]: Started Trigger resolvconf update for networkd DNS.
[[0;32m  OK  [0m] Started Trigger resolvconf update for networkd DNS.
[   21.310664] systemd[1]: Listening on Journal Socket (/dev/log).
[[0;32m  OK  [0m] Listening on Journal Socket (/dev/log).
[   21.395173] systemd[1]: Listening on /dev/initctl Compatibility Named Pipe.
[[0;32m  OK  [0m] Listening on /dev/initctl Compatibility Named Pipe.
[   21.458599] systemd[1]: Listening on Journal Audit Socket.
[[0;32m  OK  [0m] Listening on Journal Audit Socket.
[   21.506028] systemd[1]: Created slice system-serial\x2dgetty.slice.
[[0;32m  OK  [0m] Created slice system-serial\x2dgetty.slice.
[   21.619920] systemd[1]: Listening on LVM2 metadata daemon socket.
[[0;32m  OK  [0m] Listening on LVM2 metadata daemon socket.
[   21.730658] systemd[1]: Listening on Journal Socket.
[[0;32m  OK  [0m] Listening on Journal Socket.
[   21.786443] systemd[1]: Mounting Huge Pages File System...
         Mounting Huge Pages File System...
[   21.808664] systemd[1]: Starting Load Kernel Modules...
[   21.818636] Loading iSCSI transport class v2.0-870.
         Startin[   21.833448] iscsi: registered transport (tcp)
g Load Kernel Modules...
[   21.870473] systemd[1]: Starting Nameserver information manager...
[   21.908674] iscsi: registered transport (iser)
         Starting Nameserver information manager...
[   21.974773] systemd[1]: Mounting POSIX Message Queue File System...
         Mounting POSIX Message Queue File System...
[   22.114995] systemd[1]: Starting Journal Service...
         Starting Journal Service...
[   22.178502] systemd[1]: Starting Uncomplicated firewall...
         Starting Uncomplicated firewall...
[   22.234844] random: nonblocking pool is initialized
[   22.254826] systemd[1]: Starting Create list of required static device nodes for the current kernel...
         Starting Create list of required st... nodes for the current kernel...
[   22.400179] systemd[1]: Listening on Device-mapper event daemon FIFOs.
[[0;32m  OK  [0m] Listening on Device-mapper event daemon FIFOs.
[   22.466854] systemd[1]: Starting Monitoring of LVM2 mirrors, snapshots etc. using dmeventd or progress polling...
         Starting Monitoring of LVM2 mirrors... dmeventd or progress polling...
[   22.595704] systemd[1]: Reached target Swap.
[[0;32m  OK  [0m] Reached target Swap.
[   22.646489] systemd[1]: Mounting Debug File System...
         Mounting Debug File System...
[   22.695399] systemd[1]: Starting Remount Root and Kernel File Systems...
[   22.699092] EXT4-fs (sda1): re-mounted. Opts: (null)
         Starting Remount Root and Kernel File Systems...
[   22.834609] systemd[1]: Starting Set console keymap...
         Starting Set console keymap...
[   22.858340] systemd[1]: Mounted POSIX Message Queue File System.
[[0;32m  OK  [0m] Mounted POSIX Message Queue File System.
[   22.922627] systemd[1]: Mounted Debug File System.
[[0;32m  OK  [0m] Mounted Debug File System.
[   22.946047] systemd[1]: Mounted Huge Pages File System.
[[0;32m  OK  [0m] Mounted Huge Pages File System.
[   22.982662] systemd[1]: Started Journal Service.
[[0;32m  OK  [0m] Started Journal Service.
[[0;32m  OK  [0m] Started Load Kernel Modules.
[[0;32m  OK  [0m] Started Uncomplicated firewall.
[[0;32m  OK  [0m] Started Create list of required sta...ce nodes for the current kernel.
[[0;32m  OK  [0m] Started Remount Root and Kernel File Systems.
[[0;32m  OK  [0m] Started Set console keymap.
[[0;32m  OK  [0m] Started Nameserver information manager.
[[0;32m  OK  [0m] Started LVM2 metadata daemon.
         Starting Load/Save Random Seed...
         Starting Initial cloud-init job (pre-networking)...
         Starting udev Coldplug all Devices...
         Starting Create Static Device Nodes in /dev...
         Starting Apply Kernel Variables...
         Mounting FUSE Control File System...
         Starting Flush Journal to Persistent Storage...
[[0;32m  OK  [0m] Mounted FUSE Control File System.
[[0;32m  OK  [0m] Started Load/Save Random Seed.
[[0;32m  OK  [0m] Started Create Static Device Nodes in /dev.
[[0;32m  OK  [0m] Started Apply Kernel Variables.
[[0;32m  OK  [0m] Started udev Coldplug all Devices.
[[0;32m  OK  [0m] Started Flush Journal to Persistent Storage.
[[0;32m  OK  [0m] Started Monitoring of LVM2 mirrors,...ng dmeventd or progress polling.
         Starting udev Kernel Device Manager...
[[0;32m  OK  [0m] Started udev Kernel Device Manager.
[[0;32m  OK  [0m] Started Dispatch Password Requests to Console Directory Watch.
[[0;32m  OK  [0m] Reached target Local File Systems (Pre).
[[0;32m  OK  [0m] Reached target Local File Systems.
         Starting Create Volatile Files and Directories...
         Starting Set console font and keymap...
         Starting LSB: AppArmor initialization...
         Starting Tell Plymouth To Write Out Runtime Data...
         Starting Commit a transient machine-id on disk...
[[0;32m  OK  [0m] Started Create Volatile Files and Directories.
[[0;32m  OK  [0m] Started Tell Plymouth To Write Out Runtime Data.
[[0;32m  OK  [0m] Started Commit a transient machine-id on disk.
[[0;32m  OK  [0m] Found device /dev/ttyS0.
[[0;32m  OK  [0m] Reached target System Time Synchronized.
         Starting Update UTMP about System Boot/Shutdown...
[[0;32m  OK  [0m] Started Update UTMP about System Boot/Shutdown.
[   19.109230] cloud-init[446]: Cloud-init v. 0.7.9 running 'init-local' at Sat, 24 Jun 2017 00:13:10 +0000. Up 18.50 seconds.
[[0;32m  OK  [0m] Listening on Load/Save RF Kill Switch Status /dev/rfkill Watch.
[[0;32m  OK  [0m] Started LSB: AppArmor initialization.
[[0;32m  OK  [0m] Started Initial cloud-init job (pre-networking).
[[0;32m  OK  [0m] Reached target Network (Pre).
         Starting Raise network interfaces...
[[0;32m  OK  [0m] Started Set console font and keymap.
[[0;32m  OK  [0m] Created slice system-getty.slice.
[[0;32m  OK  [0m] Started Raise network interfaces.
         Starting Initial cloud-init job (metadata service crawler)...
[[0;32m  OK  [0m] Reached target Network.
[   22.542431] cloud-init[952]: Cloud-init v. 0.7.9 running 'init' at Sat, 24 Jun 2017 00:13:13 +0000. Up 21.99 seconds.
[   22.633008] cloud-init[952]: ci-info: ++++++++++++++++++++++++++++++++++++++Net device info++++++++++++++++++++++++++++++++++++++
[   22.633554] cloud-init[952]: ci-info: +--------+-------+----------------------------+---------------+-------+-------------------+
[[0;32m  OK  [0m] Started Initial cloud-init job (metadata service crawler).
[   22.633854] cloud-init[952]: ci-info: | Device |   Up  |          Address           |      Mask     | Scope |     Hw-Address    |
[   22.808753] cloud-init[952]: ci-info: +--------+-------+----------------------------+---------------+-------+-------------------+
[[0;32m  OK  [0m] [   22.809257] Reached target Network is Online.cloud-init
[952]: ci-info: | enp0s8 | False |             .              |       .       |   .   | 08:00:27:eb:13:da |
[   22.911672] cloud-init[952]: ci-info: | enp0s3 |  True |         10.0.2.15          | 255.255.255.0 |   .   | 02:fb:34:e1:96:ef |
[   22.912448] cloud-init[952]: ci-info: | enp0s3 |  True | fe80::fb:34ff:fee1:96ef/64 |       .       |  link | 02:fb:34:e1:96:ef |
         Starting iSCSI initiator daemon (iscsid)...
[   22.912724] cloud-init[952]: ci-info: |   lo   |  True |         127.0.0.1          |   255.0.0.0   |   .   |         .         |
[   23.055599] cloud-init[952]: ci-info: |   lo   |  True |          ::1/128           |       .       |  host |         .         |
[[0;32m  OK  [0m] Reached target System Initialization.
[   23.056084] cloud-init[952]: ci-info: +--------+-------+----------------------------+---------------+-------+-------------------+
[   23.195398] cloud-init[952]: ci-info: +++++++++++++++++++++++++++Route IPv4 info++++++++++++++++++++++++++++
[   23.196140] cloud-init[952]: ci-info: +-------+-------------+----------+---------------+-----------+-------+
[[0;32m  OK  [0m] Started ACPI Events Check.
[[   23.196408] cloud-init[952]: ci-info: | Route | Destination | Gateway  |    Genmask    | Interface | Flags |
[   23.300132] cloud-init[952]: ci-info: +-------+-------------+----------+---------------+-----------+-------+
[0;32m  OK  [0m[   23.300293] ] cloud-initReached target Paths.[952]: 
ci-info: |   0   |   0.0.0.0   | 10.0.2.2 |    0.0.0.0    |   enp0s3  |   UG  |
[   23.452364] cloud-init[952]: ci-info: |   1   |   10.0.2.0  | 0.0.0.0  | 255.255.255.0 |   enp0s3  |   U   |
[   23.452693] cloud-init[952]: ci-info: +-------+-------------+----------+---------------+-----------+-------+
[[0;32m  OK  [0m] Listening on UUID daemon activation socket.
[   23.453082] cloud-init[952]: Generating public/private rsa key pair.
[   23.616914] cloud-init[952]: Your identification has been saved in /etc/ssh/ssh_host_rsa_key.
[[0;32m  OK  [0m] Started Daily apt activities.
[[   23.617122] cloud-init[952]: Your public key has been saved in /etc/ssh/ssh_host_rsa_key.pub.
[   23.729308] cloud-init[952]: The key fingerprint is:
[0;32m  OK  [0m] Listening on ACPID Listen Socket.
[[   23.729599] cloud-init[952]: SHA256:4fj4WaDl/jLCJvWmIeZxagCDUiQMdEWjItIDCmNXGmI root@ubuntu-xenial
[   23.817560] cloud-init[952]: The key's randomart image is:
[0;32m  OK  [0m] Listening on D-Bus System Message Bus Socket.
[[   23.817797] cloud-init[952]: +---[RSA 2048]----+
[   23.929034] cloud-init[952]: |XE.++=           |
[0;32m  OK  [0m] Started Timer to automatically refresh installed snaps.
         [   23.929173] Starting Socket activation for snappy daemon.cloud-init
[952]: |=*= + .          |
[   24.084456] cloud-init[952]: |=ooo    .        |
         [   24.084901] Starting LXD - unix socket.cloud-init
[952]: |B ..   o .       |
[   24.136407] cloud-init[952]: |.o    . S        |
[   24.136856] cloud-init[952]: |  .   .* .       |
[[0;32m  OK  [0m] Started Daily Cleanup of Temporary Directories.
[   24.137161] cloud-init[952]: |   .+o=.o .      |
[   24.216998] cloud-init[952]: |   oo=++=o       |
[[0;32m  OK  [0m] Reached target Timers.
[   24.217280] cloud-init[952]: |   .oo.+++.      |
[   24.293146] cloud-init[952]: +----[SHA256]-----+
[[0;32m  OK  [0m] Reached target Cloud-config availability.
[   24.293405] cloud-init[952]: Generating public/private dsa key pair.
[   24.388483] cloud-init[952]: Your identification has been saved in /etc/ssh/ssh_host_dsa_key.
[[0;32m  OK  [0m] Listening on Socket activation for snappy daemon.
[   24.389506] cloud-init[952]: Your public key has been saved in /etc/ssh/ssh_host_dsa_key.pub.
[   24.484802] cloud-init[952]: The key fingerprint is:
[[0;32m  OK  [0m] Listening on LXD - unix socket.
[[   24.485099] cloud-init[952]: SHA256:WHpIQYCj5YsQ5YGsNJnXJxcMAVdN4jxlTbWpUYYSjTQ root@ubuntu-xenial
[   24.585108] cloud-init[952]: The key's randomart image is:
[0;32m  OK  [0m] Started iSCSI initiator daemon (iscsid).
[   24.585515] cloud-init[952]: +---[DSA 1024]----+
[   24.724638] cloud-init[952]: |.o=o+*B+=E*.o+   |
[   24.725206] cloud-init[952]: |oB+o.oo=++.+o o  |
         Starting Login to default iSCSI targets...
[[   24.725511] cloud-init[952]: |o=+.  =+. .. o   |
[   24.821030] cloud-init[952]: |+ .  . =.   o    |
[0;32m  OK  [0m] Reached target Sockets.
[[   24.821245] cloud-init[952]: |.. .  + S  .     |
[   24.898717] cloud-init[952]: |. .    .         |
[0;32m  OK  [0m] Reached target Basic System.
[   24.898807] cloud-init[952]: |                 |
[   25.005043] cloud-init[952]: |                 |
[   25.005435] cloud-init[952]: |                 |
[[0;32m  OK  [0m] Started ACPI event daemon.
[   25.005659] cloud-init[952]: +----[SHA256]-----+
[[   25.088546] cloud-init[952]: Generating public/private ecdsa key pair.
[0;32m  OK  [0m] Started Regular background program processing daemon.
[   25.089779] cloud-init[952]: Your identification has been saved in /etc/ssh/ssh_host_ecdsa_key.
[   25.157155] cloud-init[952]: Your public key has been saved in /etc/ssh/ssh_host_ecdsa_key.pub.
[[0;32m  OK  [0m] Started Unattended Upgrades Shutdown.
[   25.157511] cloud-init[952]: The key fingerprint is:
[   25.280567] cloud-init[952]: SHA256:zLk8I8QWvMExQOf+RVRaFrGBZzpuBq4Pxcc+AN9K4ps root@ubuntu-xenial
[   25.281152] cloud-init[952]: The key's randomart image is:
         Starting Apply the settings specified in cloud-config...
[   25.281449] cloud-init[952]: +---[ECDSA 256]---+
[   25.380477] cloud-init[952]: |   .o.+   .oBo   |
[   25.380985] cloud-init[952]: |     = o ..+oo   |
         Starting Login Service...
[   25.381151] cloud-init[952]: |      B   o+.    |
[   25.472835] cloud-init[952]: |     o X.=o      |
         [   25.496954] Starting System Logging Service...cloud-init
[952]: |      B.So=.     |
[   25.532433] cloud-init[952]: |     + *.B+      |
[   25.532767] cloud-init[952]: |      +.Boo      |
         Starting LSB: MD monitoring daemon...
[   25.533097] cloud-init[952]: |      .= o .     |
[   25.620254] cloud-init[952]: |      E..        |
         Starting Accounts Service...
[   25.682917] cloud-init[952]: +----[SHA256]-----+
[   25.736369] cloud-init[952]: Generating public/private ed25519 key pair.
[[0;32m  OK  [0m] Started FUSE filesystem for LXC.
[   25.787503] cloud-init[952]: Your identification has been saved in /etc/ssh/ssh_host_ed25519_key.
[   25.862947] cloud-init[952]: Your public key has been saved in /etc/ssh/ssh_host_ed25519_key.pub.
[   25.863355] cloud-init[952]: The key fingerprint is:
[[0;32m  OK  [0m] Started Deferred execution scheduler.
[   25.863548] cloud-init[952]: SHA256:AC7nyq6BeXiiQ/jZLjbqOPcsudvW6acJDOQ4PUlxnXs root@ubuntu-xenial
[   25.987125] cloud-init[952]: The key's randomart image is:
[   25.987614] cloud-init[952]: +--[ED25519 256]--+
         Starting LSB: Record successful boot for GRUB...
[   25.987965] cloud-init[952]: |  . o. .         |
[   26.064462] cloud-init[952]: |   + .o          |
[   26.064944] cloud-init[952]: |  + o ..         |
         Starting LXD - container startup/shutdown...
[   26.065286] cloud-init[952]: | * =  ..E        |
         Starting Pollinate to seed the pseudo random number generator...
[   26.155636] cloud-init[952]: |+ * .  .S        |
[   26.244669]          cloud-initStarting /etc/rc.local Compatibility...[952]: 
|o* =             |
[   26.288387] [cloud-init[0;32m  OK  [0m[952]: ] |B.=+o. .         |Started D-Bus System Message Bus.

[   26.344732] [cloud-init[0;32m  OK  [0m[952]: ] |=*Xoo.o..        |Started Snappy daemon.

[   26.346287] cloud-init[952]: |*O+X=.+o         |
[   26.383759] cloud-init[952]: +----[SHA256]-----+
         Starting Auto import assertions from block devices...
[   26.410225] cloud-init[1056]: Generating locales (this might take a while)...
[[0;32m  OK  [0m] Started System Logging Service.
[[0;32m  OK  [0m] Started LXD - container startup/shutdown.
[[0;32m  OK  [0m] Started /etc/rc.local Compatibility.
[[0;32m  OK  [0m] Started Auto import assertions from block devices.
[[0;32m  OK  [0m] Started Login to default iSCSI targets.
[[0;32m  OK  [0m] Started LSB: MD monitoring daemon.
[[0;32m  OK  [0m] Started LSB: Record successful boot for GRUB.
[[0;32m  OK  [0m] Started Pollinate to seed the pseudo random number generator.
[[0;32m  OK  [0m] Started Login Service.
         Starting Authenticate and Authorize Users to Run Privileged Tasks...
         Starting OpenBSD Secure Shell server...
[[0;32m  OK  [0m] Reached target Remote File Systems (Pre).
[[0;32m  OK  [0m] Reached target Remote File Systems.
         Starting Permit User Sessions...
[   27.056228] cloud-init[1056]:   en_US.UTF-8... done
         Starting LSB: Set the CPU Frequency Scaling governor to "ondemand"...
[   27.083130] cloud-init[1056]: Generation complete.
         Starting LSB: daemon to balance interrupts for SMP systems...
         Starting LSB: automatic crash report generation...
         Starting LSB: VirtualBox Linux Additions...
[[0;32m  OK  [0m] Started OpenBSD Secure Shell server.
[[0;32m  OK  [0m] Started Permit User Sessions.
[[0;32m  OK  [0m] Started Authenticate and Authorize Users to Run Privileged Tasks.
[[0;32m  OK  [0m] Started Accounts Service.
[[0;32m  OK  [0m] Started LSB: Set the CPU Frequency Scaling governor to "ondemand".
         Starting Terminate Plymouth Boot Screen...
         Starting Hold until boot process finishes up...
[[0;32m  OK  [0m] Started LSB: daemon to balance interrupts for SMP systems.
[[0;32m  OK  [0m] Started LSB: automatic crash report generation.
[[0;32m  OK  [0m] Started LSB: VirtualBox Linux Additions.
[[0;32m  OK  [0m] Started Terminate Plymouth Boot Screen.
[[0;32m  OK  [0m] Started Hold until boot process finishes up.
         Stopping OpenBSD Secure Shell server...
[[0;32m  OK  [0m] Started Serial Getty on ttyS0.
[[0;32m  OK  [0m] Started Getty on tty1.
[[0;32m  OK  [0m] Reached target Login Prompts.
         Starting Set console scheme...
[[0;32m  OK  [0m] Stopped OpenBSD Secure Shell server.
[[0;32m  OK  [0m] Started Set console scheme.
         Starting OpenBSD Secure Shell server...
[[0;32m  OK  [0m] Started OpenBSD Secure Shell server.
[[0;32m  OK  [0m] Reached target Multi-User System.
[[0;32m  OK  [0m] Reached target Graphical Interface.
         Starting Update UTMP about System Runlevel Changes...
[[0;32m  OK  [0m] Started Update UTMP about System Runlevel Changes.
[[0;32m  OK  [0m] Created slice User Slice of ubuntu.
         Starting User Manager for UID 1000...
[[0;32m  OK  [0m] Started User Manager for UID 1000.
[[0;32m  OK  [0m] Started Session 1 of user ubuntu.
[   28.195701] cloud-init[1056]: Cloud-init v. 0.7.9 running 'modules:config' at Sat, 24 Jun 2017 00:13:17 +0000. Up 25.74 seconds.
[[0;32m  OK  [0m] Started Apply the settings specified in cloud-config.
         Starting Execute cloud user/final scripts...
ci-info: no authorized ssh keys fingerprints found for user ubuntu.
<14>Jun 24 00:13:20 ec2: 
<14>Jun 24 00:13:20 ec2: #############################################################
<14>Jun 24 00:13:20 ec2: -----BEGIN SSH HOST KEY FINGERPRINTS-----
<14>Jun 24 00:13:20 ec2: 1024 SHA256:WHpIQYCj5YsQ5YGsNJnXJxcMAVdN4jxlTbWpUYYSjTQ root@ubuntu-xenial (DSA)
<14>Jun 24 00:13:20 ec2: 256 SHA256:zLk8I8QWvMExQOf+RVRaFrGBZzpuBq4Pxcc+AN9K4ps root@ubuntu-xenial (ECDSA)
<14>Jun 24 00:13:20 ec2: 256 SHA256:AC7nyq6BeXiiQ/jZLjbqOPcsudvW6acJDOQ4PUlxnXs root@ubuntu-xenial (ED25519)
<14>Jun 24 00:13:20 ec2: 2048 SHA256:4fj4WaDl/jLCJvWmIeZxagCDUiQMdEWjItIDCmNXGmI root@ubuntu-xenial (RSA)
<14>Jun 24 00:13:20 ec2: -----END SSH HOST KEY FINGERPRINTS-----
<14>Jun 24 00:13:20 ec2: #############################################################
-----BEGIN SSH HOST KEY KEYS-----
ecdsa-sha2-nistp256 AAAAE2VjZHNhLXNoYTItbmlzdHAyNTYAAAAIbmlzdHAyNTYAAABBBHpaJoZxPMHa/YAAu6XvdGqoXVVH3guMYiHmx+9IKcLsaUBjcVH567OqbjoPAhXI/LzKJd5vCTlVlIdUvB7RKMU= root@ubuntu-xenial
ssh-ed25519 AAAAC3NzaC1lZDI1NTE5AAAAILd60uQsQV92BLRw3q2ZimABjb++O1R5SUpbTvErnR93 root@ubuntu-xenial
ssh-rsa AAAAB3NzaC1yc2EAAAADAQABAAABAQDb1eSkb3VpnxoinQMXodu5n3a1Fks/6ueTnrLDtvG/1GaDNcB+zRL2mbQ8naHHMpHYVn8G6Ned07JwR45uN8ZJ/An9h/or3vQ/JLrsX38Nm57m8vZ/M+xS/I6lO0TVXGPXH9yrTLl0VaFdg7C96lHJDHg+T/dAU7Oye2umazZmkQWaz0vaNDrsERKryYJ4+cYgeHeYEhGwIHL7zMyrc5jK0udbIjI5JlFgz3R92lwJ0aAPTwnJXF1wgIRGqy6luXEml2s1WFgL6NiZ3rlj0qDpaZUpAKJZUsM7KrSW+xr2FZL+4MkZHrsQ/eIynb23/h8WytXKhEb3YzTfwLDYyDYb root@ubuntu-xenial
-----END SSH HOST KEY KEYS-----
[   29.388898] cloud-init[1386]: Cloud-init v. 0.7.9 running 'modules:final' at Sat, 24 Jun 2017 00:13:20 +0000. Up 28.69 seconds.
[   29.432684] cloud-init[1386]: ci-info: no authorized ssh keys fingerprints found for user ubuntu.
[   29.465003] cloud-init[1386]: Cloud-init v. 0.7.9 finished at Sat, 24 Jun 2017 00:13:21 +0000. Datasource DataSourceNoCloud [seed=/dev/sdb][dsmode=net].  Up 29.36 seconds
[[0;32m  OK  [0m] Started Execute cloud user/final scripts.
[[0;32m  OK  [0m] Reached target Cloud-init target.

Ubuntu 16.04.2 LTS ubuntu-xenial ttyS0

ubuntu-xenial login: 